// Jest Snapshot v1, https://goo.gl/fbAQLP

exports[`Registration form renders correctly 1`] = `
Object {
  "asFragment": [Function],
  "baseElement": <body>
    <div>
      <div
        class="regis_page"
      >
        <h2>
          Register
        </h2>
        <form>
          <label
            for="name"
          >
            Name:
            <input
              id="name"
              name="name"
              type="text"
              value=""
            />
          </label>
          <br />
          <label
            for="email"
          >
            Email:
            <input
              id="email"
              name="email"
              type="email"
              value=""
            />
          </label>
          <br />
          <label
            for="password"
          >
            Password:
            <input
              id="password"
              name="password"
              type="password"
              value=""
            />
          </label>
          <br />
          <label
            for="confirm_password"
          >
            Confirm Password:
            <input
              id="confirm_password"
              name="password_confirmation"
              type="password"
              value=""
            />
          </label>
          <br />
          <div
            class="reg_btns"
          >
            <button
              class="splash_link login_btn"
              type="submit"
            >
              Register
            </button>
            <a
              class="splash_link"
              href="/login"
            >
              Login
            </a>
          </div>
        </form>
      </div>
    </div>
  </body>,
  "container": <div>
    <div
      class="regis_page"
    >
      <h2>
        Register
      </h2>
      <form>
        <label
          for="name"
        >
          Name:
          <input
            id="name"
            name="name"
            type="text"
            value=""
          />
        </label>
        <br />
        <label
          for="email"
        >
          Email:
          <input
            id="email"
            name="email"
            type="email"
            value=""
          />
        </label>
        <br />
        <label
          for="password"
        >
          Password:
          <input
            id="password"
            name="password"
            type="password"
            value=""
          />
        </label>
        <br />
        <label
          for="confirm_password"
        >
          Confirm Password:
          <input
            id="confirm_password"
            name="password_confirmation"
            type="password"
            value=""
          />
        </label>
        <br />
        <div
          class="reg_btns"
        >
          <button
            class="splash_link login_btn"
            type="submit"
          >
            Register
          </button>
          <a
            class="splash_link"
            href="/login"
          >
            Login
          </a>
        </div>
      </form>
    </div>
  </div>,
  "debug": [Function],
  "findAllByAltText": [Function],
  "findAllByDisplayValue": [Function],
  "findAllByLabelText": [Function],
  "findAllByPlaceholderText": [Function],
  "findAllByRole": [Function],
  "findAllByTestId": [Function],
  "findAllByText": [Function],
  "findAllByTitle": [Function],
  "findByAltText": [Function],
  "findByDisplayValue": [Function],
  "findByLabelText": [Function],
  "findByPlaceholderText": [Function],
  "findByRole": [Function],
  "findByTestId": [Function],
  "findByText": [Function],
  "findByTitle": [Function],
  "getAllByAltText": [Function],
  "getAllByDisplayValue": [Function],
  "getAllByLabelText": [Function],
  "getAllByPlaceholderText": [Function],
  "getAllByRole": [Function],
  "getAllByTestId": [Function],
  "getAllByText": [Function],
  "getAllByTitle": [Function],
  "getByAltText": [Function],
  "getByDisplayValue": [Function],
  "getByLabelText": [Function],
  "getByPlaceholderText": [Function],
  "getByRole": [Function],
  "getByTestId": [Function],
  "getByText": [Function],
  "getByTitle": [Function],
  "queryAllByAltText": [Function],
  "queryAllByDisplayValue": [Function],
  "queryAllByLabelText": [Function],
  "queryAllByPlaceholderText": [Function],
  "queryAllByRole": [Function],
  "queryAllByTestId": [Function],
  "queryAllByText": [Function],
  "queryAllByTitle": [Function],
  "queryByAltText": [Function],
  "queryByDisplayValue": [Function],
  "queryByLabelText": [Function],
  "queryByPlaceholderText": [Function],
  "queryByRole": [Function],
  "queryByTestId": [Function],
  "queryByText": [Function],
  "queryByTitle": [Function],
  "rerender": [Function],
  "unmount": [Function],
}
`;
